// Vitest Snapshot v1

exports[`mount component 1`] = `
<div
  id="host"
>
  <div>
    4
     x 
    2
     = 
    8
  </div>
   
  <button>
    x1
  </button>
  <!--&lt;Hello&gt;-->
</div>
`;
