// Vitest Snapshot v1

exports[`Hello.svelte > mounts 1`] = `
<body>
  <div>
    <div>
      4
       x 
      2
       = 
      8
    </div>
     
    <button>
      x1
    </button>
    <!--&lt;Hello&gt;-->
  </div>
</body>
`;
